MAP
  NAME "baltrad_wms"
  EXTENT -180 -90 180 90
  UNITS dd
  IMAGETYPE PNG
 # DEBUG 5
 # CONFIG "CPL_DEBUG" "ON"
 # CONFIG "PROJ_DEBUG" "ON"
 # CONFIG "MS_ERRORFILE" "stderr"
  #CONFIG "MS_ERRORFILE" "/tmp/ms_error.txt"
  IMAGECOLOR 255 255 255
  MAXSIZE 4096
  STATUS ON
  TRANSPARENT ON
  FONTSET "/usr/share/fonts/truetype/msttcorefonts/fonts.list"

LEGEND
   STATUS ON
   KEYSIZE 16 10
   TRANSPARENT ON
   LABEL
      TYPE TRUETYPE
      FONT "Arial"
      SIZE 8
      COLOR 1 1 1
   END
END

  OUTPUTFORMAT
    NAME "AGG"
    MIMETYPE "image/png"
    DRIVER AGG/PNG
    EXTENSION "png"
    IMAGEMODE RGBA
    FORMATOPTION "INTERLACE=OFF"
    TRANSPARENT ON
  END

  # "pseudo" gif, really it is PNG
  # for google earth only
  OUTPUTFORMAT
    NAME "gif"
    MIMETYPE "image/png"
    DRIVER AGG/PNG
    EXTENSION "png"
    IMAGEMODE RGBA
    FORMATOPTION "INTERLACE=OFF"
    TRANSPARENT ON
  END

  PROJECTION
    "init=epsg:4326"
  END

  WEB
    METADATA
      "ows_enable_request" "*"
      "wms_title" "BALTRAD WMS Server"
      "wms_onlineresource" "http://localhost/cgi-bin/baltrad_wms.py"
      "wms_srs" "EPSG:4326 EPSG:3857"
      "wms_getmap_formatlist" "image/png,image/gif,GIF"
      "wms_feature_info_mime_type" "text/html"
      "wfs_maxfeatures" "1"
    END
  END
END
